2026-03-29 16:58:01.754: [INFO] VisibilityChanged: 0
2026-03-29 16:58:01.875: [INFO] RecordSyncInitDuration has_sync_been_enabled: 0 state: 0
2026-03-29 16:58:01.878: [INFO] RecordSyncInitDuration has_sync_been_enabled: 0 state: 0
2026-03-29 16:58:01.881: [INFO] RecordSyncInitDuration has_sync_been_enabled: 0 state: 0
2026-03-29 16:58:01.884: [INFO] RecordSyncInitDuration has_sync_been_enabled: 0 state: 0
2026-03-29 16:58:01.887: [INFO] RecordSyncInitDuration has_sync_been_enabled: 0 state: 0
2026-03-29 16:58:01.890: [INFO] RecordSyncInitDuration has_sync_been_enabled: 0 state: 0
2026-03-29 16:58:01.892: [INFO] RecordSyncInitDuration has_sync_been_enabled: 0 state: 0
2026-03-29 16:58:01.896: [INFO] RecordSyncInitDuration has_sync_been_enabled: 0 state: 0
2026-03-29 16:58:01.899: [INFO] RecordSyncInitDuration has_sync_been_enabled: 0 state: 0
2026-03-29 16:58:01.902: [INFO] RecordSyncInitDuration has_sync_been_enabled: 0 state: 0
2026-03-29 16:58:01.905: [INFO] RecordSyncInitDuration has_sync_been_enabled: 0 state: 0
2026-03-29 16:58:01.906: [INFO] RecordSyncInitDuration has_sync_been_enabled: 0 state: 0
2026-03-29 16:58:01.926: [INFO] BookmarkModelLoaded, ids_reassigned: 0
2026-03-29 16:58:01.926: [INFO] OnDoneLoading sync enabled: 0
2026-03-29 16:58:02.040: [INFO] RecordSyncInitDuration has_sync_been_enabled: 0 state: 0
2026-03-29 16:58:08.346: [INFO] RecordSyncInitDuration has_sync_been_enabled: 0 state: 3
2026-03-29 16:58:08.358: [INFO] Primary account changed.
2026-03-29 16:58:08.358: [INFO] OnPrimaryAccountChanged PrimaryAccountChangeEvent::Type::kSet
2026-03-29 16:58:08.371: [INFO] RecordSyncInitDuration has_sync_been_enabled: 0 state: 3
2026-03-29 16:58:08.395: [INFO] RecordSyncInitDuration has_sync_been_enabled: 0 state: 3
2026-03-29 16:58:12.139: [INFO] BookmarkNodeAdded, ABU: 0
2026-03-29 16:58:12.656: [INFO] Sync initialization duration: 3879ms
2026-03-29 17:07:02.049: [INFO] VisibilityChanged: 0
2026-03-29 17:07:02.209: [INFO] BookmarkModelLoaded, ids_reassigned: 0
2026-03-29 17:07:02.209: [INFO] OnDoneLoading sync enabled: 1
2026-03-29 17:07:14.923: [INFO] BookmarkNodeAdded, ABU: 0
2026-03-29 17:07:14.951: [INFO] Sync initialization duration: 2915ms
2026-03-29 17:23:52.964: [INFO] VisibilityChanged: 0
2026-03-29 17:23:53.105: [INFO] BookmarkModelLoaded, ids_reassigned: 0
2026-03-29 17:23:53.105: [INFO] OnDoneLoading sync enabled: 0
2026-03-29 17:23:55.969: [INFO] Primary account changed.
2026-03-29 17:23:55.969: [INFO] OnPrimaryAccountChanged PrimaryAccountChangeEvent::Type::kSet
2026-03-29 17:24:00.715: [INFO] Sync initialization duration: 7605ms
2026-03-29 17:38:04.487: [INFO] VisibilityChanged: 0
2026-03-29 17:38:04.669: [INFO] BookmarkModelLoaded, ids_reassigned: 0
2026-03-29 17:38:04.669: [INFO] OnDoneLoading sync enabled: 1
2026-03-29 17:38:16.498: [INFO] Sync initialization duration: 2042ms
2026-03-30 01:46:09.827: [INFO] VisibilityChanged: 0
2026-03-30 01:46:09.920: [INFO] BookmarkModelLoaded, ids_reassigned: 0
2026-03-30 01:46:09.920: [INFO] OnDoneLoading sync enabled: 0
2026-03-30 01:46:11.947: [INFO] Primary account changed.
2026-03-30 01:46:11.947: [INFO] OnPrimaryAccountChanged PrimaryAccountChangeEvent::Type::kSet
2026-03-30 01:46:36.499: [INFO] Sync initialization duration: 26575ms
