{"logTime": "0329/165810", "correlationVector":"84B4gtFc+QNzNG3OfBFv6v.1","action":"SyncServerConnectionManagerRequest", "result":"SYNC_SERVER_OK", "context":{"environment":"Prod_southeastasia_prod-s01-064-apac-southeastasia", "migrationStage":"NotStarted", "server":"akswtt112000002"}}
{"logTime": "0329/165810", "correlationVector":"84B4gtFc+QNzNG3OfBFv6v.2","action":"ProcessGetUpdates", "result":"Done", "context":{"dataType":"Encryption Keys", "deleted":"0", "process_failed_to_decrypt":"0", "process_pending_decryption":"0", "process_success":"1", "total":"1"}}
{"logTime": "0329/165810", "correlationVector":"KfyZbYgZp/JATKZMqfmT5K","action":"SyncServerConnectionManagerRequest", "result":"SYNC_SERVER_OK", "context":{"environment":"", "migrationStage":"", "server":""}}
{"logTime": "0329/165810", "correlationVector":"KfyZbYgZp/JATKZMqfmT5K.0","action":"EncryptionKeysFetcher.DownloadKeys:", "result":"Success", "context":Key count: 8, Last key timestamp: 2026-02-05T11:25:58Z}
{"logTime": "0329/165811", "correlationVector":"KfyZbYgZp/JATKZMqfmT5K.1","action":"EncryptionKeysManager::SetEncryptionKeys:", "result":"Success", "context":Key names[8]:[uEMhwNtYDaTfTFO9uS9Xr/GEq8Vrvan0Y5WgfkzZXBSMxua2Us0yR4axYmMKxdFDGk214faXgpOtWtaRL8RLXA==][YsMmzG1Eh6Al4znc48akOrWoOnnEBilCh1xRv8aV9ZSu70eVz7lMtXnq55UNEqiSfeOVA8AqHrzjV/KU4WrYrA==][sGtBb7OjbP6Y79eM2SV28XnG/hvuAaYSI1YeLXINlLn0OsIdhGzunZvEkLbIhe4alnQ6IraCaYiHThn1zm4mDw==][GD6ggPWvMCdjpKp96hDrPccL1ombojV09Mof8SyE8CBHrmq4FdfV47eabAWhYz/PsbOvnobukMRonGef6k3m9A==][R450kaVvMkBIERY+bwyyNEI3gFlqgXL0SLPfs/yGq8c9WAx9bYw3yv21hxwgP/MK5yli8BHmVKbyjLG7hSrtfw==][gNUsqQyLwq4ufSgi7i8zJHEv+xdC5QdPNm94b2S6JMcs7qwXXEmaEiPNV8XrNBiURvHSpCQDG7JNuTjGjmu1Bg==][VBhXdrN45fPUoTWn2KvRVAi00Wm6cTt5oM8CA76wUOI7er1R5BjH7tUuMH+ZHJDDb3EIkUkug1vxwLj7rdFDVg==][ECfT5vSmvsbaJy0RaCyA86gWRhg7a9oeusBm318SZNTtuJApIFyb5ZKF0Q7GAVSMwiKdTEW+WVpTUPCQBs3xfQ==]}
{"logTime": "0329/165811", "correlationVector":"KfyZbYgZp/JATKZMqfmT5K.2","action":"EncryptionKeysManager::SetEncryptionKeysWithTimestamps:", "result":"Success", "context":Key timestamps[8]:[2022-12-19T01:07:50Z][2023-06-30T01:14:15Z][2023-07-27T15:19:45Z][2024-01-26T03:35:22Z][2024-08-06T08:00:04Z][2025-02-04T05:11:22Z][2025-08-06T03:40:54Z][2026-02-05T11:25:58Z]}
{"logTime": "0329/165811", "correlationVector":"84B4gtFc+QNzNG3OfBFv6v","action":"Initial GetUpdates", "result":"", "context":Reason: NEW_CLIENT. cV=84B4gtFc+QNzNG3OfBFv6v}
{"logTime": "0329/165811", "correlationVector":"84B4gtFc+QNzNG3OfBFv6v.3","action":"GetUpdates Response", "result":"Success", "context":Received 1 update(s). cV=84B4gtFc+QNzNG3OfBFv6v.0;server=akswtt112000002;cloudType=Consumer;environment=Prod_southeastasia_prod-s01-064-apac-southeastasia;migrationStage=NotStarted}
{"logTime": "0329/165811", "correlationVector":"X1F+2kax1kW9r4TKu1i+aE","action":"Initial GetUpdates", "result":"", "context":Reason: NEWLY_SUPPORTED_DATATYPE. cV=X1F+2kax1kW9r4TKu1i+aE}
{"logTime": "0329/165811", "correlationVector":"X1F+2kax1kW9r4TKu1i+aE.1","action":"SyncServerConnectionManagerRequest", "result":"SYNC_SERVER_OK", "context":{"environment":"Prod_southeastasia_prod-s01-064-apac-southeastasia", "migrationStage":"NotStarted", "server":"akswtt112000002"}}
{"logTime": "0329/165811", "correlationVector":"X1F+2kax1kW9r4TKu1i+aE.2","action":"ProcessGetUpdates", "result":"Done", "context":{"dataType":"Preferences", "deleted":"0", "process_failed_to_decrypt":"0", "process_pending_decryption":"0", "process_success":"76", "total":"76"}}
{"logTime": "0329/165811", "correlationVector":"X1F+2kax1kW9r4TKu1i+aE.3","action":"ProcessGetUpdates", "result":"Done", "context":{"dataType":"Passwords", "deleted":"0", "process_failed_to_decrypt":"0", "process_pending_decryption":"0", "process_success":"12", "total":"12"}}
{"logTime": "0329/165811", "correlationVector":"X1F+2kax1kW9r4TKu1i+aE.4","action":"ProcessGetUpdates", "result":"Done", "context":{"dataType":"Device Info", "deleted":"0", "process_failed_to_decrypt":"0", "process_pending_decryption":"0", "process_success":"13", "total":"13"}}
{"logTime": "0329/165811", "correlationVector":"X1F+2kax1kW9r4TKu1i+aE.5","action":"GetUpdates Response", "result":"Success", "context":Received 101 update(s). cV=X1F+2kax1kW9r4TKu1i+aE.0;server=akswtt112000002;cloudType=Consumer;environment=Prod_southeastasia_prod-s01-064-apac-southeastasia;migrationStage=NotStarted}
{"logTime": "0329/165811", "correlationVector":"oaNfucqB/K6YomHrJsy/u0","action":"Initial GetUpdates", "result":"", "context":Reason: NEWLY_SUPPORTED_DATATYPE. cV=oaNfucqB/K6YomHrJsy/u0}
{"logTime": "0329/165812", "correlationVector":"oaNfucqB/K6YomHrJsy/u0.1","action":"SyncServerConnectionManagerRequest", "result":"SYNC_SERVER_OK", "context":{"environment":"Prod_southeastasia_prod-s01-064-apac-southeastasia", "migrationStage":"NotStarted", "server":"akswtt11200000p"}}
{"logTime": "0329/165812", "correlationVector":"oaNfucqB/K6YomHrJsy/u0.2","action":"ProcessGetUpdates", "result":"Done", "context":{"dataType":"Bookmarks", "deleted":"0", "process_failed_to_decrypt":"0", "process_pending_decryption":"0", "process_success":"7", "total":"7"}}
{"logTime": "0329/165812", "correlationVector":"oaNfucqB/K6YomHrJsy/u0.3","action":"GetUpdates Response", "result":"Success", "context":Received 7 update(s). cV=oaNfucqB/K6YomHrJsy/u0.0;server=akswtt11200000p;cloudType=Consumer;environment=Prod_southeastasia_prod-s01-064-apac-southeastasia;migrationStage=NotStarted}
{"logTime": "0329/165812", "correlationVector":"YIs9T+0eawxITT5Bni+F6N","action":"Initial GetUpdates", "result":"", "context":Reason: NEWLY_SUPPORTED_DATATYPE. cV=YIs9T+0eawxITT5Bni+F6N}
{"logTime": "0329/165812", "correlationVector":"YIs9T+0eawxITT5Bni+F6N.1","action":"SyncServerConnectionManagerRequest", "result":"SYNC_SERVER_OK", "context":{"environment":"Prod_southeastasia_prod-s01-064-apac-southeastasia", "migrationStage":"NotStarted", "server":"akswtt11200000a"}}
{"logTime": "0329/165812", "correlationVector":"YIs9T+0eawxITT5Bni+F6N.2","action":"ProcessGetUpdates", "result":"Done", "context":{"dataType":"Autofill Profiles", "deleted":"1", "process_failed_to_decrypt":"0", "process_pending_decryption":"0", "process_success":"2", "total":"2"}}
{"logTime": "0329/165812", "correlationVector":"YIs9T+0eawxITT5Bni+F6N.3","action":"ProcessGetUpdates", "result":"Done", "context":{"dataType":"Autofill", "deleted":"0", "process_failed_to_decrypt":"0", "process_pending_decryption":"0", "process_success":"27", "total":"27"}}
{"logTime": "0329/165812", "correlationVector":"YIs9T+0eawxITT5Bni+F6N.4","action":"ProcessGetUpdates", "result":"Done", "context":{"dataType":"Sessions", "deleted":"16", "process_failed_to_decrypt":"0", "process_pending_decryption":"0", "process_success":"22", "total":"22"}}
{"logTime": "0329/165812", "correlationVector":"YIs9T+0eawxITT5Bni+F6N.5","action":"ProcessGetUpdates", "result":"Done", "context":{"dataType":"Web Apps", "deleted":"0", "process_failed_to_decrypt":"0", "process_pending_decryption":"0", "process_success":"1", "total":"1"}}
{"logTime": "0329/165812", "correlationVector":"YIs9T+0eawxITT5Bni+F6N.6","action":"ProcessGetUpdates", "result":"Done", "context":{"dataType":"Edge Hub App Usage", "deleted":"1", "process_failed_to_decrypt":"0", "process_pending_decryption":"0", "process_success":"2", "total":"2"}}
{"logTime": "0329/165812", "correlationVector":"YIs9T+0eawxITT5Bni+F6N.7","action":"GetUpdates Response", "result":"Success", "context":Received 54 update(s). cV=YIs9T+0eawxITT5Bni+F6N.0;server=akswtt11200000a;cloudType=Consumer;environment=Prod_southeastasia_prod-s01-064-apac-southeastasia;migrationStage=NotStarted}
{"logTime": "0329/165812", "correlationVector":"X6rluPO5xYf7SEVXo2uOTK","action":"Initial GetUpdates", "result":"", "context":Reason: NEWLY_SUPPORTED_DATATYPE. cV=X6rluPO5xYf7SEVXo2uOTK}
{"logTime": "0329/165813", "correlationVector":"X6rluPO5xYf7SEVXo2uOTK.1","action":"SyncServerConnectionManagerRequest", "result":"SYNC_SERVER_OK", "context":{"environment":"Prod_southeastasia_prod-s01-064-apac-southeastasia", "migrationStage":"NotStarted", "server":"akswtt112000007"}}
{"logTime": "0329/165813", "correlationVector":"X6rluPO5xYf7SEVXo2uOTK.2","action":"ProcessGetUpdates", "result":"Done", "context":{"dataType":"History", "deleted":"0", "process_failed_to_decrypt":"0", "process_pending_decryption":"0", "process_success":"28", "total":"28"}}
{"logTime": "0329/165813", "correlationVector":"X6rluPO5xYf7SEVXo2uOTK.3","action":"GetUpdates Response", "result":"Success", "context":Received 28 update(s). cV=X6rluPO5xYf7SEVXo2uOTK.0;server=akswtt112000007;cloudType=Consumer;environment=Prod_southeastasia_prod-s01-064-apac-southeastasia;migrationStage=NotStarted}
{"logTime": "0329/165813", "correlationVector":"wibqYlgUK6dLr/1PGQCO3r","action":"Normal GetUpdate request", "result":"", "context":cV=wibqYlgUK6dLr/1PGQCO3r
Nudged types: Sessions, Device Info, User Consents
Refresh requested types: Bookmarks, Preferences, Passwords, Autofill Profiles, Autofill, Extensions, Sessions, Extension settings, History Delete Directives, Device Info, User Consents, Send Tab To Self, Web Apps, History, Saved Tab Group, WebAuthn Credentials, Collection, Edge E Drop, Edge Hub App Usage, Edge Wallet, Edge Workspace, Encryption Keys}
{"logTime": "0329/165815", "correlationVector":"wibqYlgUK6dLr/1PGQCO3r.1","action":"SyncServerConnectionManagerRequest", "result":"SYNC_SERVER_OK", "context":{"environment":"Prod_southeastasia_prod-s01-064-apac-southeastasia", "migrationStage":"NotStarted", "server":"akswtt112000003"}}
{"logTime": "0329/165815", "correlationVector":"wibqYlgUK6dLr/1PGQCO3r.2","action":"GetUpdates Response", "result":"Success", "context":Received 0 update(s). cV=wibqYlgUK6dLr/1PGQCO3r.0;server=akswtt112000003;cloudType=Consumer;environment=Prod_southeastasia_prod-s01-064-apac-southeastasia;migrationStage=NotStarted}
{"logTime": "0329/165815", "correlationVector":"YzW6QLUSx+Hp1fx4rwz3zX","action":"DoCompareDataConsistency: ", "result":"has local changes and skip compare"}
{"logTime": "0329/165815", "correlationVector":"RjCjfnDT0H947zMiSCKPKn","action":"Commit Request", "result":"", "context":Item count: 16
Contributing types: Preferences, Passwords, Sessions, Device Info, User Consents}
{"logTime": "0329/165817", "correlationVector":"RjCjfnDT0H947zMiSCKPKn.1","action":"SyncServerConnectionManagerRequest", "result":"SYNC_SERVER_OK", "context":{"environment":"Prod_southeastasia_prod-s01-064-apac-southeastasia", "migrationStage":"NotStarted", "server":"akswtt112000008"}}
{"logTime": "0329/165817", "correlationVector":"RjCjfnDT0H947zMiSCKPKn.2","action":"Commit Response", "result":"Success", "context":Result: Success. cV=RjCjfnDT0H947zMiSCKPKn.0;server=akswtt112000008;cloudType=Consumer;environment=Prod_southeastasia_prod-s01-064-apac-southeastasia;migrationStage=NotStarted}
{"logTime": "0329/165817", "correlationVector":"ba4ocrB+tO/FHdi6qA/Cf6","action":"Commit Request", "result":"", "context":Item count: 2
Contributing types: Sessions, History}
{"logTime": "0329/165818", "correlationVector":"ba4ocrB+tO/FHdi6qA/Cf6.1","action":"SyncServerConnectionManagerRequest", "result":"SYNC_SERVER_OK", "context":{"environment":"Prod_southeastasia_prod-s01-064-apac-southeastasia", "migrationStage":"NotStarted", "server":"akswtt112000008"}}
{"logTime": "0329/165818", "correlationVector":"ba4ocrB+tO/FHdi6qA/Cf6.2","action":"Commit Response", "result":"Success", "context":Result: Success. cV=ba4ocrB+tO/FHdi6qA/Cf6.0;server=akswtt112000008;cloudType=Consumer;environment=Prod_southeastasia_prod-s01-064-apac-southeastasia;migrationStage=NotStarted}
{"logTime": "0329/165901", "correlationVector":"PZqZvntPe//1B5Mp6L8zXl","action":"Commit Request", "result":"", "context":Item count: 14
Contributing types: Passwords, Sessions, History}
{"logTime": "0329/165903", "correlationVector":"PZqZvntPe//1B5Mp6L8zXl.1","action":"SyncServerConnectionManagerRequest", "result":"SYNC_SERVER_OK", "context":{"environment":"Prod_southeastasia_prod-s01-064-apac-southeastasia", "migrationStage":"NotStarted", "server":"akswtt11200000h"}}
{"logTime": "0329/165903", "correlationVector":"PZqZvntPe//1B5Mp6L8zXl.2","action":"Commit Response", "result":"Success", "context":Result: Success. cV=PZqZvntPe//1B5Mp6L8zXl.0;server=akswtt11200000h;cloudType=Consumer;environment=Prod_southeastasia_prod-s01-064-apac-southeastasia;migrationStage=NotStarted}
{"logTime": "0329/170712", "correlationVector":"CI9Tj6QIdSFCx2FRaVizTC.1","action":"SyncServerConnectionManagerRequest", "result":"SYNC_SERVER_OK", "context":{"environment":"Prod_southeastasia_prod-s01-065-apac-southeastasia", "migrationStage":"NotStarted", "server":"akswtt11200000z"}}
{"logTime": "0329/170712", "correlationVector":"CI9Tj6QIdSFCx2FRaVizTC.2","action":"ProcessGetUpdates", "result":"Done", "context":{"dataType":"Encryption Keys", "deleted":"0", "process_failed_to_decrypt":"0", "process_pending_decryption":"0", "process_success":"1", "total":"1"}}
{"logTime": "0329/170713", "correlationVector":"uaNr8nS1cmfCWXB9WlfCOW","action":"SyncServerConnectionManagerRequest", "result":"SYNC_SERVER_OK", "context":{"environment":"", "migrationStage":"", "server":""}}
{"logTime": "0329/170713", "correlationVector":"uaNr8nS1cmfCWXB9WlfCOW.0","action":"EncryptionKeysFetcher.DownloadKeys:", "result":"Success", "context":Key count: 8, Last key timestamp: 2026-02-05T11:25:58Z}
{"logTime": "0329/170713", "correlationVector":"uaNr8nS1cmfCWXB9WlfCOW.1","action":"EncryptionKeysManager::SetEncryptionKeys:", "result":"Success", "context":Key names[8]:[uEMhwNtYDaTfTFO9uS9Xr/GEq8Vrvan0Y5WgfkzZXBSMxua2Us0yR4axYmMKxdFDGk214faXgpOtWtaRL8RLXA==][YsMmzG1Eh6Al4znc48akOrWoOnnEBilCh1xRv8aV9ZSu70eVz7lMtXnq55UNEqiSfeOVA8AqHrzjV/KU4WrYrA==][sGtBb7OjbP6Y79eM2SV28XnG/hvuAaYSI1YeLXINlLn0OsIdhGzunZvEkLbIhe4alnQ6IraCaYiHThn1zm4mDw==][GD6ggPWvMCdjpKp96hDrPccL1ombojV09Mof8SyE8CBHrmq4FdfV47eabAWhYz/PsbOvnobukMRonGef6k3m9A==][R450kaVvMkBIERY+bwyyNEI3gFlqgXL0SLPfs/yGq8c9WAx9bYw3yv21hxwgP/MK5yli8BHmVKbyjLG7hSrtfw==][gNUsqQyLwq4ufSgi7i8zJHEv+xdC5QdPNm94b2S6JMcs7qwXXEmaEiPNV8XrNBiURvHSpCQDG7JNuTjGjmu1Bg==][VBhXdrN45fPUoTWn2KvRVAi00Wm6cTt5oM8CA76wUOI7er1R5BjH7tUuMH+ZHJDDb3EIkUkug1vxwLj7rdFDVg==][ECfT5vSmvsbaJy0RaCyA86gWRhg7a9oeusBm318SZNTtuJApIFyb5ZKF0Q7GAVSMwiKdTEW+WVpTUPCQBs3xfQ==]}
{"logTime": "0329/170713", "correlationVector":"uaNr8nS1cmfCWXB9WlfCOW.2","action":"EncryptionKeysManager::SetEncryptionKeysWithTimestamps:", "result":"Success", "context":Key timestamps[8]:[2022-12-19T01:07:50Z][2023-06-30T01:14:15Z][2023-07-27T15:19:45Z][2024-01-26T03:35:22Z][2024-08-06T08:00:04Z][2025-02-04T05:11:22Z][2025-08-06T03:40:54Z][2026-02-05T11:25:58Z]}
{"logTime": "0329/170713", "correlationVector":"CI9Tj6QIdSFCx2FRaVizTC","action":"Initial GetUpdates", "result":"", "context":Reason: NEW_CLIENT. cV=CI9Tj6QIdSFCx2FRaVizTC}
{"logTime": "0329/170713", "correlationVector":"CI9Tj6QIdSFCx2FRaVizTC.3","action":"GetUpdates Response", "result":"Success", "context":Received 1 update(s). cV=CI9Tj6QIdSFCx2FRaVizTC.0;server=akswtt11200000z;cloudType=Consumer;environment=Prod_southeastasia_prod-s01-065-apac-southeastasia;migrationStage=NotStarted}
{"logTime": "0329/170713", "correlationVector":"hJyNoYVyR8sWOZnac6uOLu","action":"Initial GetUpdates", "result":"", "context":Reason: NEWLY_SUPPORTED_DATATYPE. cV=hJyNoYVyR8sWOZnac6uOLu}
{"logTime": "0329/170714", "correlationVector":"hJyNoYVyR8sWOZnac6uOLu.1","action":"SyncServerConnectionManagerRequest", "result":"SYNC_SERVER_OK", "context":{"environment":"Prod_southeastasia_prod-s01-065-apac-southeastasia", "migrationStage":"NotStarted", "server":"akswtt11200000z"}}
{"logTime": "0329/170714", "correlationVector":"hJyNoYVyR8sWOZnac6uOLu.2","action":"ProcessGetUpdates", "result":"Done", "context":{"dataType":"Passwords", "deleted":"0", "process_failed_to_decrypt":"0", "process_pending_decryption":"0", "process_success":"12", "total":"12"}}
{"logTime": "0329/170714", "correlationVector":"hJyNoYVyR8sWOZnac6uOLu.3","action":"GetUpdates Response", "result":"Success", "context":Received 12 update(s). cV=hJyNoYVyR8sWOZnac6uOLu.0;server=akswtt11200000z;cloudType=Consumer;environment=Prod_southeastasia_prod-s01-065-apac-southeastasia;migrationStage=NotStarted}
{"logTime": "0329/170714", "correlationVector":"dJM5fwOAsWLq0Rm9tXXCJm","action":"Initial GetUpdates", "result":"", "context":Reason: NEWLY_SUPPORTED_DATATYPE. cV=dJM5fwOAsWLq0Rm9tXXCJm}
{"logTime": "0329/170714", "correlationVector":"dJM5fwOAsWLq0Rm9tXXCJm.1","action":"SyncServerConnectionManagerRequest", "result":"SYNC_SERVER_OK", "context":{"environment":"Prod_southeastasia_prod-s01-065-apac-southeastasia", "migrationStage":"NotStarted", "server":"akswtt11200000k"}}
{"logTime": "0329/170714", "correlationVector":"dJM5fwOAsWLq0Rm9tXXCJm.2","action":"ProcessGetUpdates", "result":"Done", "context":{"dataType":"Bookmarks", "deleted":"0", "process_failed_to_decrypt":"0", "process_pending_decryption":"0", "process_success":"7", "total":"7"}}
{"logTime": "0329/170714", "correlationVector":"dJM5fwOAsWLq0Rm9tXXCJm.3","action":"GetUpdates Response", "result":"Success", "context":Received 7 update(s). cV=dJM5fwOAsWLq0Rm9tXXCJm.0;server=akswtt11200000k;cloudType=Consumer;environment=Prod_southeastasia_prod-s01-065-apac-southeastasia;migrationStage=NotStarted}
{"logTime": "0329/170714", "correlationVector":"aRfBjL0HF2RjS5nB253L49","action":"Normal GetUpdate request", "result":"", "context":cV=aRfBjL0HF2RjS5nB253L49
Nudged types: Sessions, Device Info, History
Refresh requested types: Bookmarks, Preferences, Passwords, Autofill Profiles, Autofill, Extensions, Sessions, Extension settings, History Delete Directives, Device Info, User Consents, Send Tab To Self, Web Apps, History, Saved Tab Group, WebAuthn Credentials, Collection, Edge E Drop, Edge Hub App Usage, Edge Wallet, Edge Workspace, Encryption Keys}
{"logTime": "0329/170715", "correlationVector":"aRfBjL0HF2RjS5nB253L49.1","action":"SyncServerConnectionManagerRequest", "result":"SYNC_SERVER_OK", "context":{"environment":"Prod_southeastasia_prod-s01-065-apac-southeastasia", "migrationStage":"NotStarted", "server":"akswtt11200000z"}}
{"logTime": "0329/170715", "correlationVector":"aRfBjL0HF2RjS5nB253L49.2","action":"ProcessGetUpdates", "result":"Done", "context":{"dataType":"Preferences", "deleted":"0", "process_failed_to_decrypt":"0", "process_pending_decryption":"0", "process_success":"1", "total":"1"}}
{"logTime": "0329/170715", "correlationVector":"aRfBjL0HF2RjS5nB253L49.3","action":"ProcessGetUpdates", "result":"Done", "context":{"dataType":"Sessions", "deleted":"0", "process_failed_to_decrypt":"0", "process_pending_decryption":"0", "process_success":"2", "total":"2"}}
{"logTime": "0329/170715", "correlationVector":"aRfBjL0HF2RjS5nB253L49.4","action":"ProcessGetUpdates", "result":"Done", "context":{"dataType":"Device Info", "deleted":"0", "process_failed_to_decrypt":"0", "process_pending_decryption":"0", "process_success":"1", "total":"1"}}
{"logTime": "0329/170715", "correlationVector":"aRfBjL0HF2RjS5nB253L49.5","action":"ProcessGetUpdates", "result":"Done", "context":{"dataType":"History", "deleted":"0", "process_failed_to_decrypt":"0", "process_pending_decryption":"0", "process_success":"3", "total":"3"}}
{"logTime": "0329/170715", "correlationVector":"aRfBjL0HF2RjS5nB253L49.6","action":"GetUpdates Response", "result":"Success", "context":Received 7 update(s). cV=aRfBjL0HF2RjS5nB253L49.0;server=akswtt11200000z;cloudType=Consumer;environment=Prod_southeastasia_prod-s01-065-apac-southeastasia;migrationStage=NotStarted}
{"logTime": "0329/170715", "correlationVector":"y965lKS+FeD4W+KnmNFGNT","action":"Commit Request", "result":"", "context":Item count: 4
Contributing types: Sessions, Device Info, History}
{"logTime": "0329/170716", "correlationVector":"y965lKS+FeD4W+KnmNFGNT.1","action":"SyncServerConnectionManagerRequest", "result":"SYNC_SERVER_OK", "context":{"environment":"Prod_southeastasia_prod-s01-065-apac-southeastasia", "migrationStage":"NotStarted", "server":"akswtt112000011"}}
{"logTime": "0329/170716", "correlationVector":"y965lKS+FeD4W+KnmNFGNT.2","action":"Commit Response", "result":"Success", "context":Result: Success. cV=y965lKS+FeD4W+KnmNFGNT.0;server=akswtt112000011;cloudType=Consumer;environment=Prod_southeastasia_prod-s01-065-apac-southeastasia;migrationStage=NotStarted}
{"logTime": "0329/170716", "correlationVector":"269eKpQxQqg5+NCUiQe8/5","action":"Commit Request", "result":"", "context":Item count: 11
Contributing types: Preferences, Passwords}
{"logTime": "0329/170718", "correlationVector":"269eKpQxQqg5+NCUiQe8/5.1","action":"SyncServerConnectionManagerRequest", "result":"SYNC_SERVER_OK", "context":{"environment":"Prod_southeastasia_prod-s01-065-apac-southeastasia", "migrationStage":"NotStarted", "server":"akswtt11200000z"}}
{"logTime": "0329/170718", "correlationVector":"269eKpQxQqg5+NCUiQe8/5.2","action":"Commit Response", "result":"Success", "context":Result: Success. cV=269eKpQxQqg5+NCUiQe8/5.0;server=akswtt11200000z;cloudType=Consumer;environment=Prod_southeastasia_prod-s01-065-apac-southeastasia;migrationStage=NotStarted}
{"logTime": "0329/170818", "correlationVector":"mZ29h+pQw1y+/rijQUyEI+","action":"Commit Request", "result":"", "context":Item count: 4
Contributing types: Sessions, History}
{"logTime": "0329/170819", "correlationVector":"mZ29h+pQw1y+/rijQUyEI+.1","action":"SyncServerConnectionManagerRequest", "result":"SYNC_SERVER_OK", "context":{"environment":"Prod_southeastasia_prod-s01-065-apac-southeastasia", "migrationStage":"NotStarted", "server":"akswtt11200000i"}}
{"logTime": "0329/170819", "correlationVector":"mZ29h+pQw1y+/rijQUyEI+.2","action":"Commit Response", "result":"Success", "context":Result: Success. cV=mZ29h+pQw1y+/rijQUyEI+.0;server=akswtt11200000i;cloudType=Consumer;environment=Prod_southeastasia_prod-s01-065-apac-southeastasia;migrationStage=NotStarted}
{"logTime": "0329/172055", "correlationVector":"flt+WUHPKZWpyvD76pUktY","action":"Commit Request", "result":"", "context":Item count: 1
Contributing types: Device Info}
{"logTime": "0329/172055", "correlationVector":"flt+WUHPKZWpyvD76pUktY","action":"SyncServerConnectionManagerRequest", "result":"CONNECTION_UNAVAILABLE", "context":{"error_type":"net_error_code", "error_value":"-331"}}
{"logTime": "0329/172055", "correlationVector":"/r9bBFEHHVtst9gPXbrPrx.0","action":"Commit Response", "result":"Network error (ERR_NETWORK_IO_SUSPENDED)", "context":Result: Network error (ERR_NETWORK_IO_SUSPENDED). }
{"logTime": "0329/172112", "correlationVector":"UHyX693rrNNYeebcgVgC7G","action":"Commit Request", "result":"", "context":Item count: 1
Contributing types: Device Info}
{"logTime": "0329/172118", "correlationVector":"UHyX693rrNNYeebcgVgC7G.1","action":"SyncServerConnectionManagerRequest", "result":"SYNC_SERVER_OK", "context":{"environment":"Prod_southeastasia_prod-s01-065-apac-southeastasia", "migrationStage":"NotStarted", "server":"akswtt11200000t"}}
{"logTime": "0329/172118", "correlationVector":"UHyX693rrNNYeebcgVgC7G.2","action":"Commit Response", "result":"Success", "context":Result: Success. cV=UHyX693rrNNYeebcgVgC7G.0;server=akswtt11200000t;cloudType=Consumer;environment=Prod_southeastasia_prod-s01-065-apac-southeastasia;migrationStage=NotStarted}
{"logTime": "0329/172119", "correlationVector":"H+vTd6JVFFdmE1Dvbl/wQG","action":"Commit Request", "result":"", "context":Item count: 1
Contributing types: Device Info}
{"logTime": "0329/172120", "correlationVector":"H+vTd6JVFFdmE1Dvbl/wQG.1","action":"SyncServerConnectionManagerRequest", "result":"SYNC_SERVER_OK", "context":{"environment":"Prod_southeastasia_prod-s01-065-apac-southeastasia", "migrationStage":"NotStarted", "server":"akswtt11200000v"}}
{"logTime": "0329/172120", "correlationVector":"H+vTd6JVFFdmE1Dvbl/wQG.2","action":"Commit Response", "result":"Success", "context":Result: Success. cV=H+vTd6JVFFdmE1Dvbl/wQG.0;server=akswtt11200000v;cloudType=Consumer;environment=Prod_southeastasia_prod-s01-065-apac-southeastasia;migrationStage=NotStarted}
{"logTime": "0329/172120", "correlationVector":"85Bi/cnorziXwYq5e08VSt","action":"Normal GetUpdate request", "result":"", "context":cV=85Bi/cnorziXwYq5e08VSt
Notified types: Device Info}
{"logTime": "0329/172121", "correlationVector":"85Bi/cnorziXwYq5e08VSt.1","action":"SyncServerConnectionManagerRequest", "result":"SYNC_SERVER_OK", "context":{"environment":"Prod_southeastasia_prod-s01-065-apac-southeastasia", "migrationStage":"NotStarted", "server":"akswtt112000012"}}
{"logTime": "0329/172121", "correlationVector":"85Bi/cnorziXwYq5e08VSt.2","action":"ProcessGetUpdates", "result":"Done", "context":{"dataType":"Preferences", "deleted":"0", "process_failed_to_decrypt":"0", "process_pending_decryption":"0", "process_success":"1", "total":"1"}}
{"logTime": "0329/172121", "correlationVector":"85Bi/cnorziXwYq5e08VSt.3","action":"ProcessGetUpdates", "result":"Done", "context":{"dataType":"Passwords", "deleted":"0", "process_failed_to_decrypt":"0", "process_pending_decryption":"0", "process_success":"10", "total":"10"}}
{"logTime": "0329/172121", "correlationVector":"85Bi/cnorziXwYq5e08VSt.4","action":"ProcessGetUpdates", "result":"Done", "context":{"dataType":"Sessions", "deleted":"0", "process_failed_to_decrypt":"0", "process_pending_decryption":"0", "process_success":"2", "total":"2"}}
{"logTime": "0329/172121", "correlationVector":"85Bi/cnorziXwYq5e08VSt.5","action":"ProcessGetUpdates", "result":"Done", "context":{"dataType":"Device Info", "deleted":"0", "process_failed_to_decrypt":"0", "process_pending_decryption":"0", "process_success":"2", "total":"2"}}
{"logTime": "0329/172121", "correlationVector":"85Bi/cnorziXwYq5e08VSt.6","action":"ProcessGetUpdates", "result":"Done", "context":{"dataType":"History", "deleted":"0", "process_failed_to_decrypt":"0", "process_pending_decryption":"0", "process_success":"4", "total":"4"}}
{"logTime": "0329/172121", "correlationVector":"85Bi/cnorziXwYq5e08VSt.7","action":"GetUpdates Response", "result":"Success", "context":Received 19 update(s). cV=85Bi/cnorziXwYq5e08VSt.0;server=akswtt112000012;cloudType=Consumer;environment=Prod_southeastasia_prod-s01-065-apac-southeastasia;migrationStage=NotStarted}
{"logTime": "0329/172121", "correlationVector":"H+yPFEvMkHWIVFbt1OxgY2","action":"Normal GetUpdate request", "result":"", "context":cV=H+yPFEvMkHWIVFbt1OxgY2
Notified types: Device Info}
{"logTime": "0329/172122", "correlationVector":"H+yPFEvMkHWIVFbt1OxgY2.1","action":"SyncServerConnectionManagerRequest", "result":"SYNC_SERVER_OK", "context":{"environment":"Prod_southeastasia_prod-s01-065-apac-southeastasia", "migrationStage":"NotStarted", "server":"akswtt11200000t"}}
{"logTime": "0329/172122", "correlationVector":"H+yPFEvMkHWIVFbt1OxgY2.2","action":"GetUpdates Response", "result":"Success", "context":Received 0 update(s). cV=H+yPFEvMkHWIVFbt1OxgY2.0;server=akswtt11200000t;cloudType=Consumer;environment=Prod_southeastasia_prod-s01-065-apac-southeastasia;migrationStage=NotStarted}
{"logTime": "0329/172358", "correlationVector":"UC7Fkd5NgWRPQap481pCx9.1","action":"SyncServerConnectionManagerRequest", "result":"SYNC_SERVER_OK", "context":{"environment":"Prod_southeastasia_prod-s01-065-apac-southeastasia", "migrationStage":"NotStarted", "server":"akswtt112000013"}}
{"logTime": "0329/172358", "correlationVector":"UC7Fkd5NgWRPQap481pCx9.2","action":"ProcessGetUpdates", "result":"Done", "context":{"dataType":"Encryption Keys", "deleted":"0", "process_failed_to_decrypt":"0", "process_pending_decryption":"0", "process_success":"1", "total":"1"}}
{"logTime": "0329/172359", "correlationVector":"deNZtF/YYfeUDipiWMR2IZ","action":"SyncServerConnectionManagerRequest", "result":"SYNC_SERVER_OK", "context":{"environment":"", "migrationStage":"", "server":""}}
{"logTime": "0329/172359", "correlationVector":"deNZtF/YYfeUDipiWMR2IZ.0","action":"EncryptionKeysFetcher.DownloadKeys:", "result":"Success", "context":Key count: 8, Last key timestamp: 2026-02-05T11:25:58Z}
{"logTime": "0329/172359", "correlationVector":"deNZtF/YYfeUDipiWMR2IZ.1","action":"EncryptionKeysManager::SetEncryptionKeys:", "result":"Success", "context":Key names[8]:[uEMhwNtYDaTfTFO9uS9Xr/GEq8Vrvan0Y5WgfkzZXBSMxua2Us0yR4axYmMKxdFDGk214faXgpOtWtaRL8RLXA==][YsMmzG1Eh6Al4znc48akOrWoOnnEBilCh1xRv8aV9ZSu70eVz7lMtXnq55UNEqiSfeOVA8AqHrzjV/KU4WrYrA==][sGtBb7OjbP6Y79eM2SV28XnG/hvuAaYSI1YeLXINlLn0OsIdhGzunZvEkLbIhe4alnQ6IraCaYiHThn1zm4mDw==][GD6ggPWvMCdjpKp96hDrPccL1ombojV09Mof8SyE8CBHrmq4FdfV47eabAWhYz/PsbOvnobukMRonGef6k3m9A==][R450kaVvMkBIERY+bwyyNEI3gFlqgXL0SLPfs/yGq8c9WAx9bYw3yv21hxwgP/MK5yli8BHmVKbyjLG7hSrtfw==][gNUsqQyLwq4ufSgi7i8zJHEv+xdC5QdPNm94b2S6JMcs7qwXXEmaEiPNV8XrNBiURvHSpCQDG7JNuTjGjmu1Bg==][VBhXdrN45fPUoTWn2KvRVAi00Wm6cTt5oM8CA76wUOI7er1R5BjH7tUuMH+ZHJDDb3EIkUkug1vxwLj7rdFDVg==][ECfT5vSmvsbaJy0RaCyA86gWRhg7a9oeusBm318SZNTtuJApIFyb5ZKF0Q7GAVSMwiKdTEW+WVpTUPCQBs3xfQ==]}
{"logTime": "0329/172359", "correlationVector":"deNZtF/YYfeUDipiWMR2IZ.2","action":"EncryptionKeysManager::SetEncryptionKeysWithTimestamps:", "result":"Success", "context":Key timestamps[8]:[2022-12-19T01:07:50Z][2023-06-30T01:14:15Z][2023-07-27T15:19:45Z][2024-01-26T03:35:22Z][2024-08-06T08:00:04Z][2025-02-04T05:11:22Z][2025-08-06T03:40:54Z][2026-02-05T11:25:58Z]}
{"logTime": "0329/172359", "correlationVector":"UC7Fkd5NgWRPQap481pCx9","action":"Initial GetUpdates", "result":"", "context":Reason: NEW_CLIENT. cV=UC7Fkd5NgWRPQap481pCx9}
{"logTime": "0329/172359", "correlationVector":"UC7Fkd5NgWRPQap481pCx9.3","action":"GetUpdates Response", "result":"Success", "context":Received 1 update(s). cV=UC7Fkd5NgWRPQap481pCx9.0;server=akswtt112000013;cloudType=Consumer;environment=Prod_southeastasia_prod-s01-065-apac-southeastasia;migrationStage=NotStarted}
{"logTime": "0329/172359", "correlationVector":"MJ5iRV6MXcF/dhLdxVUeon","action":"Initial GetUpdates", "result":"", "context":Reason: NEWLY_SUPPORTED_DATATYPE. cV=MJ5iRV6MXcF/dhLdxVUeon}
{"logTime": "0329/172359", "correlationVector":"MJ5iRV6MXcF/dhLdxVUeon.1","action":"SyncServerConnectionManagerRequest", "result":"SYNC_SERVER_OK", "context":{"environment":"Prod_southeastasia_prod-s01-064-apac-southeastasia", "migrationStage":"NotStarted", "server":"akswtt11200000s"}}
{"logTime": "0329/172359", "correlationVector":"MJ5iRV6MXcF/dhLdxVUeon.2","action":"ProcessGetUpdates", "result":"Done", "context":{"dataType":"Preferences", "deleted":"0", "process_failed_to_decrypt":"0", "process_pending_decryption":"0", "process_success":"76", "total":"76"}}
{"logTime": "0329/172359", "correlationVector":"MJ5iRV6MXcF/dhLdxVUeon.3","action":"ProcessGetUpdates", "result":"Done", "context":{"dataType":"Passwords", "deleted":"0", "process_failed_to_decrypt":"0", "process_pending_decryption":"0", "process_success":"12", "total":"12"}}
{"logTime": "0329/172359", "correlationVector":"MJ5iRV6MXcF/dhLdxVUeon.4","action":"ProcessGetUpdates", "result":"Done", "context":{"dataType":"Device Info", "deleted":"0", "process_failed_to_decrypt":"0", "process_pending_decryption":"0", "process_success":"14", "total":"14"}}
{"logTime": "0329/172359", "correlationVector":"MJ5iRV6MXcF/dhLdxVUeon.5","action":"GetUpdates Response", "result":"Success", "context":Received 102 update(s). cV=MJ5iRV6MXcF/dhLdxVUeon.0;server=akswtt11200000s;cloudType=Consumer;environment=Prod_southeastasia_prod-s01-064-apac-southeastasia;migrationStage=NotStarted}
{"logTime": "0329/172359", "correlationVector":"pgYpXqLoV+yVt9n+S9kxDu","action":"Initial GetUpdates", "result":"", "context":Reason: NEWLY_SUPPORTED_DATATYPE. cV=pgYpXqLoV+yVt9n+S9kxDu}
{"logTime": "0329/172400", "correlationVector":"pgYpXqLoV+yVt9n+S9kxDu.1","action":"SyncServerConnectionManagerRequest", "result":"SYNC_SERVER_OK", "context":{"environment":"Prod_southeastasia_prod-s01-064-apac-southeastasia", "migrationStage":"NotStarted", "server":"akswtt11200000f"}}
{"logTime": "0329/172400", "correlationVector":"pgYpXqLoV+yVt9n+S9kxDu.2","action":"ProcessGetUpdates", "result":"Done", "context":{"dataType":"Bookmarks", "deleted":"0", "process_failed_to_decrypt":"0", "process_pending_decryption":"0", "process_success":"7", "total":"7"}}
{"logTime": "0329/172400", "correlationVector":"pgYpXqLoV+yVt9n+S9kxDu.3","action":"GetUpdates Response", "result":"Success", "context":Received 7 update(s). cV=pgYpXqLoV+yVt9n+S9kxDu.0;server=akswtt11200000f;cloudType=Consumer;environment=Prod_southeastasia_prod-s01-064-apac-southeastasia;migrationStage=NotStarted}
{"logTime": "0329/172400", "correlationVector":"NekNBrwWMFYZrMcOnMl3c2","action":"Initial GetUpdates", "result":"", "context":Reason: NEWLY_SUPPORTED_DATATYPE. cV=NekNBrwWMFYZrMcOnMl3c2}
{"logTime": "0329/172400", "correlationVector":"NekNBrwWMFYZrMcOnMl3c2.1","action":"SyncServerConnectionManagerRequest", "result":"SYNC_SERVER_OK", "context":{"environment":"Prod_southeastasia_prod-s01-064-apac-southeastasia", "migrationStage":"NotStarted", "server":"akswtt11200000k"}}
{"logTime": "0329/172400", "correlationVector":"NekNBrwWMFYZrMcOnMl3c2.2","action":"ProcessGetUpdates", "result":"Done", "context":{"dataType":"Autofill Profiles", "deleted":"1", "process_failed_to_decrypt":"0", "process_pending_decryption":"0", "process_success":"2", "total":"2"}}
{"logTime": "0329/172400", "correlationVector":"NekNBrwWMFYZrMcOnMl3c2.3","action":"ProcessGetUpdates", "result":"Done", "context":{"dataType":"Autofill", "deleted":"0", "process_failed_to_decrypt":"0", "process_pending_decryption":"0", "process_success":"27", "total":"27"}}
{"logTime": "0329/172400", "correlationVector":"NekNBrwWMFYZrMcOnMl3c2.4","action":"ProcessGetUpdates", "result":"Done", "context":{"dataType":"Sessions", "deleted":"16", "process_failed_to_decrypt":"0", "process_pending_decryption":"0", "process_success":"24", "total":"24"}}
{"logTime": "0329/172400", "correlationVector":"NekNBrwWMFYZrMcOnMl3c2.5","action":"ProcessGetUpdates", "result":"Done", "context":{"dataType":"Web Apps", "deleted":"0", "process_failed_to_decrypt":"0", "process_pending_decryption":"0", "process_success":"1", "total":"1"}}
{"logTime": "0329/172400", "correlationVector":"NekNBrwWMFYZrMcOnMl3c2.6","action":"ProcessGetUpdates", "result":"Done", "context":{"dataType":"Edge Hub App Usage", "deleted":"1", "process_failed_to_decrypt":"0", "process_pending_decryption":"0", "process_success":"2", "total":"2"}}
{"logTime": "0329/172400", "correlationVector":"NekNBrwWMFYZrMcOnMl3c2.7","action":"GetUpdates Response", "result":"Success", "context":Received 56 update(s). cV=NekNBrwWMFYZrMcOnMl3c2.0;server=akswtt11200000k;cloudType=Consumer;environment=Prod_southeastasia_prod-s01-064-apac-southeastasia;migrationStage=NotStarted}
{"logTime": "0329/172400", "correlationVector":"IOu6oA7UV8Vgw/7PwClyVn","action":"Initial GetUpdates", "result":"", "context":Reason: NEWLY_SUPPORTED_DATATYPE. cV=IOu6oA7UV8Vgw/7PwClyVn}
{"logTime": "0329/172401", "correlationVector":"IOu6oA7UV8Vgw/7PwClyVn.1","action":"SyncServerConnectionManagerRequest", "result":"SYNC_SERVER_OK", "context":{"environment":"Prod_southeastasia_prod-s01-064-apac-southeastasia", "migrationStage":"NotStarted", "server":"akswtt11200000s"}}
{"logTime": "0329/172401", "correlationVector":"IOu6oA7UV8Vgw/7PwClyVn.2","action":"ProcessGetUpdates", "result":"Done", "context":{"dataType":"History", "deleted":"0", "process_failed_to_decrypt":"0", "process_pending_decryption":"0", "process_success":"34", "total":"34"}}
{"logTime": "0329/172401", "correlationVector":"IOu6oA7UV8Vgw/7PwClyVn.3","action":"GetUpdates Response", "result":"Success", "context":Received 34 update(s). cV=IOu6oA7UV8Vgw/7PwClyVn.0;server=akswtt11200000s;cloudType=Consumer;environment=Prod_southeastasia_prod-s01-064-apac-southeastasia;migrationStage=NotStarted}
{"logTime": "0329/172401", "correlationVector":"G0+edbBlK0765KKjso60ML","action":"Normal GetUpdate request", "result":"", "context":cV=G0+edbBlK0765KKjso60ML
Nudged types: Sessions, Device Info
Refresh requested types: Bookmarks, Preferences, Passwords, Autofill Profiles, Autofill, Extensions, Sessions, Extension settings, History Delete Directives, Device Info, User Consents, Send Tab To Self, Web Apps, History, Saved Tab Group, WebAuthn Credentials, Collection, Edge E Drop, Edge Hub App Usage, Edge Wallet, Edge Workspace, Encryption Keys}
{"logTime": "0329/172401", "correlationVector":"G0+edbBlK0765KKjso60ML.1","action":"SyncServerConnectionManagerRequest", "result":"SYNC_SERVER_OK", "context":{"environment":"Prod_southeastasia_prod-s01-064-apac-southeastasia", "migrationStage":"NotStarted", "server":"akswtt112000008"}}
{"logTime": "0329/172401", "correlationVector":"G0+edbBlK0765KKjso60ML.2","action":"GetUpdates Response", "result":"Success", "context":Received 0 update(s). cV=G0+edbBlK0765KKjso60ML.0;server=akswtt112000008;cloudType=Consumer;environment=Prod_southeastasia_prod-s01-064-apac-southeastasia;migrationStage=NotStarted}
{"logTime": "0329/172401", "correlationVector":"SKTVpE1jjuMsNVwrbURsB3","action":"Commit Request", "result":"", "context":Item count: 14
Contributing types: Preferences, Passwords, Sessions, Device Info}
{"logTime": "0329/172403", "correlationVector":"SKTVpE1jjuMsNVwrbURsB3.1","action":"SyncServerConnectionManagerRequest", "result":"SYNC_SERVER_OK", "context":{"environment":"Prod_southeastasia_prod-s01-064-apac-southeastasia", "migrationStage":"NotStarted", "server":"akswtt11200000q"}}
{"logTime": "0329/172403", "correlationVector":"SKTVpE1jjuMsNVwrbURsB3.2","action":"Commit Response", "result":"Success", "context":Result: Success. cV=SKTVpE1jjuMsNVwrbURsB3.0;server=akswtt11200000q;cloudType=Consumer;environment=Prod_southeastasia_prod-s01-064-apac-southeastasia;migrationStage=NotStarted}
{"logTime": "0329/172507", "correlationVector":"O4OLhxx9WFJ/thXJJeJtQC","action":"Commit Request", "result":"", "context":Item count: 4
Contributing types: Sessions, History}
{"logTime": "0329/172508", "correlationVector":"O4OLhxx9WFJ/thXJJeJtQC.1","action":"SyncServerConnectionManagerRequest", "result":"SYNC_SERVER_OK", "context":{"environment":"Prod_southeastasia_prod-s01-064-apac-southeastasia", "migrationStage":"NotStarted", "server":"akswtt11200000i"}}
{"logTime": "0329/172508", "correlationVector":"O4OLhxx9WFJ/thXJJeJtQC.2","action":"Commit Response", "result":"Success", "context":Result: Success. cV=O4OLhxx9WFJ/thXJJeJtQC.0;server=akswtt11200000i;cloudType=Consumer;environment=Prod_southeastasia_prod-s01-064-apac-southeastasia;migrationStage=NotStarted}
{"logTime": "0329/173815", "correlationVector":"3YH9cnO5o0pQ4fUsiTccTa.1","action":"SyncServerConnectionManagerRequest", "result":"SYNC_SERVER_OK", "context":{"environment":"Prod_southeastasia_prod-s01-064-apac-southeastasia", "migrationStage":"NotStarted", "server":"akswtt112000001"}}
{"logTime": "0329/173815", "correlationVector":"3YH9cnO5o0pQ4fUsiTccTa.2","action":"ProcessGetUpdates", "result":"Done", "context":{"dataType":"Encryption Keys", "deleted":"0", "process_failed_to_decrypt":"0", "process_pending_decryption":"0", "process_success":"1", "total":"1"}}
{"logTime": "0329/173815", "correlationVector":"t2xmwoyLjVDgUZ0AB8T9J1","action":"SyncServerConnectionManagerRequest", "result":"SYNC_SERVER_OK", "context":{"environment":"", "migrationStage":"", "server":""}}
{"logTime": "0329/173815", "correlationVector":"t2xmwoyLjVDgUZ0AB8T9J1.0","action":"EncryptionKeysFetcher.DownloadKeys:", "result":"Success", "context":Key count: 8, Last key timestamp: 2026-02-05T11:25:58Z}
{"logTime": "0329/173815", "correlationVector":"t2xmwoyLjVDgUZ0AB8T9J1.1","action":"EncryptionKeysManager::SetEncryptionKeys:", "result":"Success", "context":Key names[8]:[uEMhwNtYDaTfTFO9uS9Xr/GEq8Vrvan0Y5WgfkzZXBSMxua2Us0yR4axYmMKxdFDGk214faXgpOtWtaRL8RLXA==][YsMmzG1Eh6Al4znc48akOrWoOnnEBilCh1xRv8aV9ZSu70eVz7lMtXnq55UNEqiSfeOVA8AqHrzjV/KU4WrYrA==][sGtBb7OjbP6Y79eM2SV28XnG/hvuAaYSI1YeLXINlLn0OsIdhGzunZvEkLbIhe4alnQ6IraCaYiHThn1zm4mDw==][GD6ggPWvMCdjpKp96hDrPccL1ombojV09Mof8SyE8CBHrmq4FdfV47eabAWhYz/PsbOvnobukMRonGef6k3m9A==][R450kaVvMkBIERY+bwyyNEI3gFlqgXL0SLPfs/yGq8c9WAx9bYw3yv21hxwgP/MK5yli8BHmVKbyjLG7hSrtfw==][gNUsqQyLwq4ufSgi7i8zJHEv+xdC5QdPNm94b2S6JMcs7qwXXEmaEiPNV8XrNBiURvHSpCQDG7JNuTjGjmu1Bg==][VBhXdrN45fPUoTWn2KvRVAi00Wm6cTt5oM8CA76wUOI7er1R5BjH7tUuMH+ZHJDDb3EIkUkug1vxwLj7rdFDVg==][ECfT5vSmvsbaJy0RaCyA86gWRhg7a9oeusBm318SZNTtuJApIFyb5ZKF0Q7GAVSMwiKdTEW+WVpTUPCQBs3xfQ==]}
{"logTime": "0329/173815", "correlationVector":"t2xmwoyLjVDgUZ0AB8T9J1.2","action":"EncryptionKeysManager::SetEncryptionKeysWithTimestamps:", "result":"Success", "context":Key timestamps[8]:[2022-12-19T01:07:50Z][2023-06-30T01:14:15Z][2023-07-27T15:19:45Z][2024-01-26T03:35:22Z][2024-08-06T08:00:04Z][2025-02-04T05:11:22Z][2025-08-06T03:40:54Z][2026-02-05T11:25:58Z]}
{"logTime": "0329/173815", "correlationVector":"3YH9cnO5o0pQ4fUsiTccTa","action":"Initial GetUpdates", "result":"", "context":Reason: NEW_CLIENT. cV=3YH9cnO5o0pQ4fUsiTccTa}
{"logTime": "0329/173815", "correlationVector":"3YH9cnO5o0pQ4fUsiTccTa.3","action":"GetUpdates Response", "result":"Success", "context":Received 1 update(s). cV=3YH9cnO5o0pQ4fUsiTccTa.0;server=akswtt112000001;cloudType=Consumer;environment=Prod_southeastasia_prod-s01-064-apac-southeastasia;migrationStage=NotStarted}
{"logTime": "0329/173815", "correlationVector":"23nZTG4BiNvwfcCkVg2pKd","action":"Initial GetUpdates", "result":"", "context":Reason: NEWLY_SUPPORTED_DATATYPE. cV=23nZTG4BiNvwfcCkVg2pKd}
{"logTime": "0329/173816", "correlationVector":"23nZTG4BiNvwfcCkVg2pKd.1","action":"SyncServerConnectionManagerRequest", "result":"SYNC_SERVER_OK", "context":{"environment":"Prod_southeastasia_prod-s01-064-apac-southeastasia", "migrationStage":"NotStarted", "server":"akswtt11200000s"}}
{"logTime": "0329/173816", "correlationVector":"23nZTG4BiNvwfcCkVg2pKd.2","action":"ProcessGetUpdates", "result":"Done", "context":{"dataType":"Passwords", "deleted":"0", "process_failed_to_decrypt":"0", "process_pending_decryption":"0", "process_success":"12", "total":"12"}}
{"logTime": "0329/173816", "correlationVector":"23nZTG4BiNvwfcCkVg2pKd.3","action":"GetUpdates Response", "result":"Success", "context":Received 12 update(s). cV=23nZTG4BiNvwfcCkVg2pKd.0;server=akswtt11200000s;cloudType=Consumer;environment=Prod_southeastasia_prod-s01-064-apac-southeastasia;migrationStage=NotStarted}
{"logTime": "0329/173816", "correlationVector":"KTFnmapU+q8c5fVjD0pzZs","action":"Normal GetUpdate request", "result":"", "context":cV=KTFnmapU+q8c5fVjD0pzZs
Nudged types: Sessions, Device Info, History
Refresh requested types: Bookmarks, Preferences, Passwords, Autofill Profiles, Autofill, Extensions, Sessions, Extension settings, History Delete Directives, Device Info, User Consents, Send Tab To Self, Web Apps, History, Saved Tab Group, WebAuthn Credentials, Collection, Edge E Drop, Edge Hub App Usage, Edge Wallet, Edge Workspace, Encryption Keys}
{"logTime": "0329/173817", "correlationVector":"KTFnmapU+q8c5fVjD0pzZs.1","action":"SyncServerConnectionManagerRequest", "result":"SYNC_SERVER_OK", "context":{"environment":"Prod_southeastasia_prod-s01-064-apac-southeastasia", "migrationStage":"NotStarted", "server":"akswtt112000008"}}
{"logTime": "0329/173817", "correlationVector":"KTFnmapU+q8c5fVjD0pzZs.2","action":"ProcessGetUpdates", "result":"Done", "context":{"dataType":"Preferences", "deleted":"0", "process_failed_to_decrypt":"0", "process_pending_decryption":"0", "process_success":"1", "total":"1"}}
{"logTime": "0329/173817", "correlationVector":"KTFnmapU+q8c5fVjD0pzZs.3","action":"ProcessGetUpdates", "result":"Done", "context":{"dataType":"Sessions", "deleted":"0", "process_failed_to_decrypt":"0", "process_pending_decryption":"0", "process_success":"2", "total":"2"}}
{"logTime": "0329/173817", "correlationVector":"KTFnmapU+q8c5fVjD0pzZs.4","action":"ProcessGetUpdates", "result":"Done", "context":{"dataType":"Device Info", "deleted":"0", "process_failed_to_decrypt":"0", "process_pending_decryption":"0", "process_success":"1", "total":"1"}}
{"logTime": "0329/173817", "correlationVector":"KTFnmapU+q8c5fVjD0pzZs.5","action":"ProcessGetUpdates", "result":"Done", "context":{"dataType":"History", "deleted":"0", "process_failed_to_decrypt":"0", "process_pending_decryption":"0", "process_success":"4", "total":"4"}}
{"logTime": "0329/173817", "correlationVector":"KTFnmapU+q8c5fVjD0pzZs.6","action":"GetUpdates Response", "result":"Success", "context":Received 8 update(s). cV=KTFnmapU+q8c5fVjD0pzZs.0;server=akswtt112000008;cloudType=Consumer;environment=Prod_southeastasia_prod-s01-064-apac-southeastasia;migrationStage=NotStarted}
{"logTime": "0329/173818", "correlationVector":"gSaMK5IGIBr3+Wam3x8q57","action":"Commit Request", "result":"", "context":Item count: 11
Contributing types: Preferences, Passwords}
{"logTime": "0329/173820", "correlationVector":"gSaMK5IGIBr3+Wam3x8q57.1","action":"SyncServerConnectionManagerRequest", "result":"SYNC_SERVER_OK", "context":{"environment":"Prod_southeastasia_prod-s01-064-apac-southeastasia", "migrationStage":"NotStarted", "server":"akswtt11200000o"}}
{"logTime": "0329/173820", "correlationVector":"gSaMK5IGIBr3+Wam3x8q57.2","action":"Commit Response", "result":"Success", "context":Result: Success. cV=gSaMK5IGIBr3+Wam3x8q57.0;server=akswtt11200000o;cloudType=Consumer;environment=Prod_southeastasia_prod-s01-064-apac-southeastasia;migrationStage=NotStarted}
{"logTime": "0329/173923", "correlationVector":"BxGxXySWwIkk7JeCwwWd6S","action":"Commit Request", "result":"", "context":Item count: 3
Contributing types: Sessions, History}
{"logTime": "0329/173924", "correlationVector":"BxGxXySWwIkk7JeCwwWd6S.1","action":"SyncServerConnectionManagerRequest", "result":"SYNC_SERVER_OK", "context":{"environment":"Prod_southeastasia_prod-s01-064-apac-southeastasia", "migrationStage":"NotStarted", "server":"akswtt11200000o"}}
{"logTime": "0329/173924", "correlationVector":"BxGxXySWwIkk7JeCwwWd6S.2","action":"Commit Response", "result":"Success", "context":Result: Success. cV=BxGxXySWwIkk7JeCwwWd6S.0;server=akswtt11200000o;cloudType=Consumer;environment=Prod_southeastasia_prod-s01-064-apac-southeastasia;migrationStage=NotStarted}
{"logTime": "0329/174418", "correlationVector":"mQOy/y5mNmyeRblAtVy0IX","action":"Commit Request", "result":"", "context":Item count: 1
Contributing types: Device Info}
{"logTime": "0329/174419", "correlationVector":"mQOy/y5mNmyeRblAtVy0IX.1","action":"SyncServerConnectionManagerRequest", "result":"SYNC_SERVER_OK", "context":{"environment":"Prod_southeastasia_prod-s01-065-apac-southeastasia", "migrationStage":"NotStarted", "server":"akswtt11200000j"}}
{"logTime": "0329/174419", "correlationVector":"mQOy/y5mNmyeRblAtVy0IX.2","action":"Commit Response", "result":"Success", "context":Result: Success. cV=mQOy/y5mNmyeRblAtVy0IX.0;server=akswtt11200000j;cloudType=Consumer;environment=Prod_southeastasia_prod-s01-065-apac-southeastasia;migrationStage=NotStarted}
{"logTime": "0329/174424", "correlationVector":"kS+NpbP7qthMUEYgGnz/+Q","action":"Commit Request", "result":"", "context":Item count: 1
Contributing types: Device Info}
{"logTime": "0329/174426", "correlationVector":"kS+NpbP7qthMUEYgGnz/+Q.1","action":"SyncServerConnectionManagerRequest", "result":"SYNC_SERVER_OK", "context":{"environment":"Prod_southeastasia_prod-s01-065-apac-southeastasia", "migrationStage":"NotStarted", "server":"akswtt112000000"}}
{"logTime": "0329/174426", "correlationVector":"kS+NpbP7qthMUEYgGnz/+Q.2","action":"Commit Response", "result":"Success", "context":Result: Success. cV=kS+NpbP7qthMUEYgGnz/+Q.0;server=akswtt112000000;cloudType=Consumer;environment=Prod_southeastasia_prod-s01-065-apac-southeastasia;migrationStage=NotStarted}
{"logTime": "0329/174427", "correlationVector":"q35ruFY1vUm70UvjZAueqb","action":"Commit Request", "result":"", "context":Item count: 1
Contributing types: Device Info}
{"logTime": "0329/174429", "correlationVector":"q35ruFY1vUm70UvjZAueqb.1","action":"SyncServerConnectionManagerRequest", "result":"SYNC_SERVER_OK", "context":{"environment":"Prod_southeastasia_prod-s01-064-apac-southeastasia", "migrationStage":"NotStarted", "server":"akswtt11200000l"}}
{"logTime": "0329/174429", "correlationVector":"q35ruFY1vUm70UvjZAueqb.2","action":"Commit Response", "result":"Success", "context":Result: Success. cV=q35ruFY1vUm70UvjZAueqb.0;server=akswtt11200000l;cloudType=Consumer;environment=Prod_southeastasia_prod-s01-064-apac-southeastasia;migrationStage=NotStarted}
{"logTime": "0330/014615", "correlationVector":"OOAVEVXSR/yNgbrz9XEfiV.1","action":"SyncServerConnectionManagerRequest", "result":"SYNC_SERVER_OK", "context":{"environment":"Prod_southeastasia_prod-s01-064-apac-southeastasia", "migrationStage":"NotStarted", "server":"akswtt11200000j"}}
{"logTime": "0330/014615", "correlationVector":"OOAVEVXSR/yNgbrz9XEfiV.2","action":"ProcessGetUpdates", "result":"Done", "context":{"dataType":"Encryption Keys", "deleted":"0", "process_failed_to_decrypt":"0", "process_pending_decryption":"0", "process_success":"1", "total":"1"}}
{"logTime": "0330/014618", "correlationVector":"QcpGHHWIraC61myIEY+igK","action":"SyncServerConnectionManagerRequest", "result":"SYNC_SERVER_OK", "context":{"environment":"", "migrationStage":"", "server":""}}
{"logTime": "0330/014618", "correlationVector":"QcpGHHWIraC61myIEY+igK.0","action":"EncryptionKeysFetcher.DownloadKeys:", "result":"Success", "context":Key count: 8, Last key timestamp: 2026-02-05T11:25:58Z}
{"logTime": "0330/014618", "correlationVector":"QcpGHHWIraC61myIEY+igK.1","action":"EncryptionKeysManager::SetEncryptionKeys:", "result":"Success", "context":Key names[8]:[uEMhwNtYDaTfTFO9uS9Xr/GEq8Vrvan0Y5WgfkzZXBSMxua2Us0yR4axYmMKxdFDGk214faXgpOtWtaRL8RLXA==][YsMmzG1Eh6Al4znc48akOrWoOnnEBilCh1xRv8aV9ZSu70eVz7lMtXnq55UNEqiSfeOVA8AqHrzjV/KU4WrYrA==][sGtBb7OjbP6Y79eM2SV28XnG/hvuAaYSI1YeLXINlLn0OsIdhGzunZvEkLbIhe4alnQ6IraCaYiHThn1zm4mDw==][GD6ggPWvMCdjpKp96hDrPccL1ombojV09Mof8SyE8CBHrmq4FdfV47eabAWhYz/PsbOvnobukMRonGef6k3m9A==][R450kaVvMkBIERY+bwyyNEI3gFlqgXL0SLPfs/yGq8c9WAx9bYw3yv21hxwgP/MK5yli8BHmVKbyjLG7hSrtfw==][gNUsqQyLwq4ufSgi7i8zJHEv+xdC5QdPNm94b2S6JMcs7qwXXEmaEiPNV8XrNBiURvHSpCQDG7JNuTjGjmu1Bg==][VBhXdrN45fPUoTWn2KvRVAi00Wm6cTt5oM8CA76wUOI7er1R5BjH7tUuMH+ZHJDDb3EIkUkug1vxwLj7rdFDVg==][ECfT5vSmvsbaJy0RaCyA86gWRhg7a9oeusBm318SZNTtuJApIFyb5ZKF0Q7GAVSMwiKdTEW+WVpTUPCQBs3xfQ==]}
{"logTime": "0330/014618", "correlationVector":"QcpGHHWIraC61myIEY+igK.2","action":"EncryptionKeysManager::SetEncryptionKeysWithTimestamps:", "result":"Success", "context":Key timestamps[8]:[2022-12-19T01:07:50Z][2023-06-30T01:14:15Z][2023-07-27T15:19:45Z][2024-01-26T03:35:22Z][2024-08-06T08:00:04Z][2025-02-04T05:11:22Z][2025-08-06T03:40:54Z][2026-02-05T11:25:58Z]}
{"logTime": "0330/014618", "correlationVector":"OOAVEVXSR/yNgbrz9XEfiV","action":"Initial GetUpdates", "result":"", "context":Reason: NEW_CLIENT. cV=OOAVEVXSR/yNgbrz9XEfiV}
{"logTime": "0330/014618", "correlationVector":"OOAVEVXSR/yNgbrz9XEfiV.3","action":"GetUpdates Response", "result":"Success", "context":Received 1 update(s). cV=OOAVEVXSR/yNgbrz9XEfiV.0;server=akswtt11200000j;cloudType=Consumer;environment=Prod_southeastasia_prod-s01-064-apac-southeastasia;migrationStage=NotStarted}
{"logTime": "0330/014618", "correlationVector":"iYgkl/f8X7uPTWmx9z+fvi","action":"Initial GetUpdates", "result":"", "context":Reason: NEWLY_SUPPORTED_DATATYPE. cV=iYgkl/f8X7uPTWmx9z+fvi}
{"logTime": "0330/014621", "correlationVector":"iYgkl/f8X7uPTWmx9z+fvi.1","action":"SyncServerConnectionManagerRequest", "result":"SYNC_SERVER_OK", "context":{"environment":"Prod_southeastasia_prod-s01-064-apac-southeastasia", "migrationStage":"NotStarted", "server":"akswtt112000001"}}
{"logTime": "0330/014621", "correlationVector":"iYgkl/f8X7uPTWmx9z+fvi.2","action":"ProcessGetUpdates", "result":"Done", "context":{"dataType":"Preferences", "deleted":"0", "process_failed_to_decrypt":"0", "process_pending_decryption":"0", "process_success":"76", "total":"76"}}
{"logTime": "0330/014621", "correlationVector":"iYgkl/f8X7uPTWmx9z+fvi.3","action":"ProcessGetUpdates", "result":"Done", "context":{"dataType":"Passwords", "deleted":"0", "process_failed_to_decrypt":"0", "process_pending_decryption":"0", "process_success":"12", "total":"12"}}
{"logTime": "0330/014621", "correlationVector":"iYgkl/f8X7uPTWmx9z+fvi.4","action":"ProcessGetUpdates", "result":"Done", "context":{"dataType":"Device Info", "deleted":"0", "process_failed_to_decrypt":"0", "process_pending_decryption":"0", "process_success":"14", "total":"14"}}
{"logTime": "0330/014621", "correlationVector":"iYgkl/f8X7uPTWmx9z+fvi.5","action":"GetUpdates Response", "result":"Success", "context":Received 102 update(s). cV=iYgkl/f8X7uPTWmx9z+fvi.0;server=akswtt112000001;cloudType=Consumer;environment=Prod_southeastasia_prod-s01-064-apac-southeastasia;migrationStage=NotStarted}
{"logTime": "0330/014621", "correlationVector":"UFAJbqLQmZj6QiO4xUBW4b","action":"Initial GetUpdates", "result":"", "context":Reason: NEWLY_SUPPORTED_DATATYPE. cV=UFAJbqLQmZj6QiO4xUBW4b}
{"logTime": "0330/014625", "correlationVector":"UFAJbqLQmZj6QiO4xUBW4b.1","action":"SyncServerConnectionManagerRequest", "result":"SYNC_SERVER_OK", "context":{"environment":"Prod_southeastasia_prod-s01-065-apac-southeastasia", "migrationStage":"NotStarted", "server":"akswtt11200000j"}}
{"logTime": "0330/014625", "correlationVector":"UFAJbqLQmZj6QiO4xUBW4b.2","action":"ProcessGetUpdates", "result":"Done", "context":{"dataType":"Bookmarks", "deleted":"0", "process_failed_to_decrypt":"0", "process_pending_decryption":"0", "process_success":"7", "total":"7"}}
{"logTime": "0330/014625", "correlationVector":"UFAJbqLQmZj6QiO4xUBW4b.3","action":"GetUpdates Response", "result":"Success", "context":Received 7 update(s). cV=UFAJbqLQmZj6QiO4xUBW4b.0;server=akswtt11200000j;cloudType=Consumer;environment=Prod_southeastasia_prod-s01-065-apac-southeastasia;migrationStage=NotStarted}
{"logTime": "0330/014625", "correlationVector":"a2kBOrbBMnl/qqBPE0zVtl","action":"Initial GetUpdates", "result":"", "context":Reason: NEWLY_SUPPORTED_DATATYPE. cV=a2kBOrbBMnl/qqBPE0zVtl}
{"logTime": "0330/014636", "correlationVector":"a2kBOrbBMnl/qqBPE0zVtl.1","action":"SyncServerConnectionManagerRequest", "result":"SYNC_SERVER_OK", "context":{"environment":"Prod_southeastasia_prod-s01-064-apac-southeastasia", "migrationStage":"NotStarted", "server":"akswtt11200000s"}}
{"logTime": "0330/014636", "correlationVector":"a2kBOrbBMnl/qqBPE0zVtl.2","action":"ProcessGetUpdates", "result":"Done", "context":{"dataType":"Autofill Profiles", "deleted":"1", "process_failed_to_decrypt":"0", "process_pending_decryption":"0", "process_success":"2", "total":"2"}}
{"logTime": "0330/014636", "correlationVector":"a2kBOrbBMnl/qqBPE0zVtl.3","action":"ProcessGetUpdates", "result":"Done", "context":{"dataType":"Autofill", "deleted":"0", "process_failed_to_decrypt":"0", "process_pending_decryption":"0", "process_success":"27", "total":"27"}}
{"logTime": "0330/014636", "correlationVector":"a2kBOrbBMnl/qqBPE0zVtl.4","action":"ProcessGetUpdates", "result":"Done", "context":{"dataType":"Sessions", "deleted":"16", "process_failed_to_decrypt":"0", "process_pending_decryption":"0", "process_success":"24", "total":"24"}}
{"logTime": "0330/014636", "correlationVector":"a2kBOrbBMnl/qqBPE0zVtl.5","action":"ProcessGetUpdates", "result":"Done", "context":{"dataType":"Web Apps", "deleted":"0", "process_failed_to_decrypt":"0", "process_pending_decryption":"0", "process_success":"1", "total":"1"}}
{"logTime": "0330/014636", "correlationVector":"a2kBOrbBMnl/qqBPE0zVtl.6","action":"ProcessGetUpdates", "result":"Done", "context":{"dataType":"Edge Hub App Usage", "deleted":"1", "process_failed_to_decrypt":"0", "process_pending_decryption":"0", "process_success":"2", "total":"2"}}
{"logTime": "0330/014636", "correlationVector":"a2kBOrbBMnl/qqBPE0zVtl.7","action":"GetUpdates Response", "result":"Success", "context":Received 56 update(s). cV=a2kBOrbBMnl/qqBPE0zVtl.0;server=akswtt11200000s;cloudType=Consumer;environment=Prod_southeastasia_prod-s01-064-apac-southeastasia;migrationStage=NotStarted}
{"logTime": "0330/014636", "correlationVector":"9cA+KUhWhUxPqDbgBcAGla","action":"Initial GetUpdates", "result":"", "context":Reason: NEWLY_SUPPORTED_DATATYPE. cV=9cA+KUhWhUxPqDbgBcAGla}
{"logTime": "0330/014727", "correlationVector":"9cA+KUhWhUxPqDbgBcAGla","action":"SyncServerConnectionManagerRequest", "result":"CONNECTION_UNAVAILABLE", "context":{"error_type":"net_error_code", "error_value":"-3"}}
